// Jest Snapshot v1, https://goo.gl/fbAQLP

exports[`<About /> renders 1`] = `ShallowWrapper {}`;
